src/screens/HomeScreen.tsx(2,34): error TS2305: Module '"react-native"' has no exported member 'ScrollState'.
src/screens/TalepDetailScreen.tsx(31,47): error TS2339: Property 'supabase' does not exist on type '{ getProfile(userId: string): Promise<Profile>; updateProfile(userId: string, updates: Partial<Profile>): Promise<Profile>; ... 5 more ...; acceptTransaction(transactionId: string, supporterId: string, supportPercentage: number): Promise<...>; }'.
src/screens/TalepDetailScreen.tsx(53,41): error TS2339: Property 'supabase' does not exist on type '{ getProfile(userId: string): Promise<Profile>; updateProfile(userId: string, updates: Partial<Profile>): Promise<Profile>; ... 5 more ...; acceptTransaction(transactionId: string, supporterId: string, supportPercentage: number): Promise<...>; }'.
src/screens/TaleplerScreen.tsx(15,11): error TS2322: Type 'any[]' is not assignable to type 'ViewStyle'.
  Types of property 'filter' are incompatible.
    Type '{ <S extends any>(predicate: (value: any, index: number, array: any[]) => value is S, thisArg?: any): S[]; (predicate: (value: any, index: number, array: any[]) => unknown, thisArg?: any): any[]; }' is not assignable to type 'string | readonly FilterFunction[] | undefined'.
src/screens/TrackerScreen.tsx(19,47): error TS2339: Property 'supabase' does not exist on type '{ getProfile(userId: string): Promise<Profile>; updateProfile(userId: string, updates: Partial<Profile>): Promise<Profile>; ... 5 more ...; acceptTransaction(transactionId: string, supporterId: string, supportPercentage: number): Promise<...>; }'.
src/screens/TrackerScreen.tsx(42,33): error TS2339: Property 'supabase' does not exist on type '{ getProfile(userId: string): Promise<Profile>; updateProfile(userId: string, updates: Partial<Profile>): Promise<Profile>; ... 5 more ...; acceptTransaction(transactionId: string, supporterId: string, supportPercentage: number): Promise<...>; }'.
src/screens/TrackerScreen.tsx(49,13): error TS7006: Parameter 'payload' implicitly has an 'any' type.
src/screens/TrackerScreen.tsx(56,19): error TS2339: Property 'supabase' does not exist on type '{ getProfile(userId: string): Promise<Profile>; updateProfile(userId: string, updates: Partial<Profile>): Promise<Profile>; ... 5 more ...; acceptTransaction(transactionId: string, supporterId: string, supportPercentage: number): Promise<...>; }'.
src/screens/TrackerScreen.tsx(86,41): error TS2339: Property 'supabase' does not exist on type '{ getProfile(userId: string): Promise<Profile>; updateProfile(userId: string, updates: Partial<Profile>): Promise<Profile>; ... 5 more ...; acceptTransaction(transactionId: string, supporterId: string, supportPercentage: number): Promise<...>; }'.
